36 runs x 60 queries = 2160 agent calls
Estimated cost: $0.293 (guard: $0.50)

[1/36] streaming/retrieval/freshness/sweep_0.5s/rep1 ... acc=0.900 f1=0.947 auc=0.500
      AIRS=100.0 (fresh=100 lat=100 cons=100 sem=100) n=60 failures=0 $0.0115
      abstained=0% silent_failure=10%
[2/36] streaming/retrieval/freshness/sweep_0.5s/rep2 ... acc=0.797 f1=0.887 auc=0.583
      AIRS=100.0 (fresh=100 lat=100 cons=100 sem=100) n=59 failures=0 $0.0113
      abstained=3% silent_failure=17%
[3/36] streaming/retrieval/freshness/sweep_0.5s/rep3 ... acc=0.914 f1=0.955 auc=0.700
      AIRS=100.0 (fresh=100 lat=100 cons=100 sem=100) n=58 failures=0 $0.0105
      abstained=2% silent_failure=7%
[4/36] streaming/retrieval/freshness/sweep_1.5s/rep1 ... acc=0.800 f1=0.889 auc=0.500
      AIRS=91.1 (fresh=65 lat=100 cons=100 sem=100) n=60 failures=0 $0.0115
      abstained=0% silent_failure=20%
[5/36] streaming/retrieval/freshness/sweep_1.5s/rep2 ... acc=0.763 f1=0.865 auc=0.536
      AIRS=91.1 (fresh=65 lat=100 cons=100 sem=100) n=59 failures=0 $0.0113
      abstained=2% silent_failure=22%
[6/36] streaming/retrieval/freshness/sweep_1.5s/rep3 ... acc=0.914 f1=0.955 auc=0.600
      AIRS=91.1 (fresh=65 lat=100 cons=100 sem=100) n=58 failures=0 $0.0105
      abstained=2% silent_failure=7%
[7/36] streaming/retrieval/freshness/sweep_3s/rep1 ... acc=0.817 f1=0.899 auc=0.500
      AIRS=83.2 (fresh=33 lat=100 cons=100 sem=100) n=60 failures=0 $0.0115
      abstained=0% silent_failure=18%
[8/36] streaming/retrieval/freshness/sweep_3s/rep2 ... acc=0.797 f1=0.887 auc=0.542
      AIRS=83.2 (fresh=33 lat=100 cons=100 sem=100) n=59 failures=0 $0.0113
      abstained=2% silent_failure=19%
[9/36] streaming/retrieval/freshness/sweep_3s/rep3 ... acc=0.897 f1=0.945 auc=0.583
      AIRS=83.2 (fresh=33 lat=100 cons=100 sem=100) n=58 failures=0 $0.0105
      abstained=2% silent_failure=9%
[10/36] streaming/retrieval/freshness/sweep_5s/rep1 ... acc=0.733 f1=0.846 auc=0.562
      AIRS=79.9 (fresh=20 lat=100 cons=100 sem=100) n=60 failures=0 $0.0115
      abstained=3% silent_failure=23%
[11/36] streaming/retrieval/freshness/sweep_5s/rep2 ... acc=0.814 f1=0.897 auc=0.545
      AIRS=80.0 (fresh=20 lat=100 cons=100 sem=100) n=59 failures=0 $0.0113
      abstained=2% silent_failure=17%
[12/36] streaming/retrieval/freshness/sweep_5s/rep3 ... acc=0.828 f1=0.906 auc=0.600
      AIRS=80.0 (fresh=20 lat=100 cons=100 sem=100) n=58 failures=0 $0.0105
      abstained=3% silent_failure=14%
[13/36] streaming/retrieval/freshness/sweep_8s/rep1 ... acc=0.683 f1=0.812 auc=0.500
      AIRS=78.1 (fresh=12 lat=100 cons=100 sem=100) n=60 failures=0 $0.0115
      abstained=0% silent_failure=32%
[14/36] streaming/retrieval/freshness/sweep_8s/rep2 ... acc=0.797 f1=0.887 auc=0.542
      AIRS=78.1 (fresh=12 lat=100 cons=100 sem=100) n=59 failures=0 $0.0113
      abstained=2% silent_failure=19%
[15/36] streaming/retrieval/freshness/sweep_8s/rep3 ... acc=0.793 f1=0.885 auc=0.583
      AIRS=78.1 (fresh=12 lat=100 cons=100 sem=100) n=58 failures=0 $0.0105
      abstained=2% silent_failure=19%
[16/36] streaming/retrieval/freshness/sweep_12s/rep1 ... acc=0.667 f1=0.800 auc=0.550
      AIRS=77.1 (fresh=8 lat=100 cons=100 sem=100) n=60 failures=0 $0.0115
      abstained=3% silent_failure=30%
[17/36] streaming/retrieval/freshness/sweep_12s/rep2 ... acc=0.763 f1=0.865 auc=0.607
      AIRS=77.1 (fresh=8 lat=100 cons=100 sem=100) n=59 failures=0 $0.0113
      abstained=5% silent_failure=19%
[18/36] streaming/retrieval/freshness/sweep_12s/rep3 ... acc=0.741 f1=0.851 auc=0.567
      AIRS=77.1 (fresh=8 lat=100 cons=100 sem=100) n=58 failures=0 $0.0105
      abstained=2% silent_failure=24%
[19/36] streaming/classification/freshness/sweep_0.5s/rep1 ... acc=0.933 f1=0.938 auc=0.943
      AIRS=100.0 (fresh=100 lat=100 cons=100 sem=100) n=60 failures=0 $0.0051
      abstained=0% silent_failure=7%
[20/36] streaming/classification/freshness/sweep_0.5s/rep2 ... acc=0.883 f1=0.868 auc=0.886
      AIRS=100.0 (fresh=100 lat=100 cons=100 sem=100) n=60 failures=0 $0.0051
      abstained=0% silent_failure=12%
[21/36] streaming/classification/freshness/sweep_0.5s/rep3 ... acc=0.917 f1=0.906 auc=0.914
      AIRS=100.0 (fresh=100 lat=100 cons=100 sem=100) n=60 failures=0 $0.0051
      abstained=0% silent_failure=8%
[22/36] streaming/classification/freshness/sweep_1.5s/rep1 ... acc=0.900 f1=0.903 auc=0.915
      AIRS=91.1 (fresh=65 lat=100 cons=100 sem=100) n=60 failures=0 $0.0051
      abstained=0% silent_failure=10%
[23/36] streaming/classification/freshness/sweep_1.5s/rep2 ... acc=0.883 f1=0.868 auc=0.885
      AIRS=91.1 (fresh=65 lat=100 cons=100 sem=100) n=60 failures=0 $0.0051
      abstained=0% silent_failure=12%
[24/36] streaming/classification/freshness/sweep_1.5s/rep3 ... acc=0.917 f1=0.906 auc=0.917
      AIRS=91.1 (fresh=65 lat=100 cons=100 sem=100) n=60 failures=0 $0.0051
      abstained=0% silent_failure=8%
[25/36] streaming/classification/freshness/sweep_3s/rep1 ... acc=0.867 f1=0.867 auc=0.891
      AIRS=83.2 (fresh=33 lat=100 cons=100 sem=100) n=60 failures=0 $0.0051
      abstained=0% silent_failure=13%
[26/36] streaming/classification/freshness/sweep_3s/rep2 ... acc=0.883 f1=0.863 auc=0.887
      AIRS=83.2 (fresh=33 lat=100 cons=100 sem=100) n=60 failures=0 $0.0051
      abstained=0% silent_failure=12%
[27/36] streaming/classification/freshness/sweep_3s/rep3 ... acc=0.867 f1=0.840 auc=0.867
      AIRS=83.2 (fresh=33 lat=100 cons=100 sem=100) n=60 failures=0 $0.0051
      abstained=0% silent_failure=13%
[28/36] streaming/classification/freshness/sweep_5s/rep1 ... acc=0.783 f1=0.764 auc=0.816
      AIRS=80.0 (fresh=20 lat=100 cons=100 sem=100) n=60 failures=0 $0.0050
      abstained=0% silent_failure=22%
[29/36] streaming/classification/freshness/sweep_5s/rep2 ... acc=0.833 f1=0.792 auc=0.850
      AIRS=80.0 (fresh=20 lat=100 cons=100 sem=100) n=60 failures=0 $0.0051
      abstained=0% silent_failure=17%
[30/36] streaming/classification/freshness/sweep_5s/rep3 ... acc=0.800 f1=0.739 auc=0.800
      AIRS=80.0 (fresh=20 lat=100 cons=100 sem=100) n=60 failures=0 $0.0051
      abstained=0% silent_failure=20%
[31/36] streaming/classification/freshness/sweep_8s/rep1 ... acc=0.583 f1=0.419 auc=0.675
      AIRS=78.1 (fresh=12 lat=100 cons=100 sem=100) n=60 failures=0 $0.0050
      abstained=0% silent_failure=42%
[32/36] streaming/classification/freshness/sweep_8s/rep2 ... acc=0.633 f1=0.389 auc=0.640
      AIRS=78.1 (fresh=12 lat=100 cons=100 sem=100) n=60 failures=0 $0.0050
      abstained=0% silent_failure=37%
[33/36] streaming/classification/freshness/sweep_8s/rep3 ... acc=0.633 f1=0.389 auc=0.621
      AIRS=78.1 (fresh=12 lat=100 cons=100 sem=100) n=60 failures=0 $0.0050
      abstained=0% silent_failure=37%
[34/36] streaming/classification/freshness/sweep_12s/rep1 ... acc=0.433 f1=0.000 auc=0.499
      AIRS=77.1 (fresh=8 lat=100 cons=100 sem=100) n=60 failures=0 $0.0050
      abstained=0% silent_failure=57%
[35/36] streaming/classification/freshness/sweep_12s/rep2 ... acc=0.517 f1=0.000 auc=0.508
      AIRS=77.1 (fresh=8 lat=100 cons=100 sem=100) n=60 failures=0 $0.0050
      abstained=0% silent_failure=48%
[36/36] streaming/classification/freshness/sweep_12s/rep3 ... acc=0.517 f1=0.000 auc=0.540
      AIRS=77.1 (fresh=8 lat=100 cons=100 sem=100) n=60 failures=0 $0.0050
      abstained=0% silent_failure=48%

Total spend: $0.2905 | results in results/runs
